: Latency      : 0x01 (Fixed)
[0;32mI (264) octal_psram: VCC          : 0x01 (3V)[0m
[0;32mI (268) octal_psram: SRF          : 0x0�ESP-ROM:esp32s3-20210327[0m
Build:Mar 27 2021
rst:0x1 (POWERON),boot:0x28 (SPI_FAST_FLASH_BOOT)
SPIWP:0xee
mode:DIO, clock div:1
load:0x3fce2810,len:0x1564
load:0x403c8700,len:0x4
load:0x403c8704,len:0xd24
load:0x403cb700,len:0x2ed4
entry 0x403c8928
[0;32mI (27) boot: ESP-IDF v5.4.4 2nd stage bootloader[0m
[0;32mI (27) boot: compile time Jul  2 2026 18:25:49[0m
[0;32mI (27) boot: Multicore bootloader[0m
[0;32mI (27) boot: chip revision: v0.2[0m
[0;32mI (30) boot: efuse block revision: v1.4[0m
[0;32mI (34) boot.esp32s3: Boot SPI Speed : 80MHz[0m
[0;32mI (37) boot.esp32s3: SPI Mode       : DIO[0m
[0;32mI (41) boot.esp32s3: SPI Flash Size : 16MB[0m
[0;32mI (45) boot: Enabling RNG early entropy source...[0m
[0;32mI (49) boot: Partition Table:[0m
[0;32mI (52) boot: ## Label            Usage          Type ST Offset   Length[0m
[0;32mI (58) boot:  0 nvs              WiFi data        01 02 00009000 00006000[0m
[0;32mI (65) boot:  1 phy_init         RF data          01 01 0000f000 00001000[0m
[0;32mI (71) boot:  2 factory          factory app      00 00 00010000 00100000[0m
[0;32mI (78) boot: End of partition table[0m
[0;32mI (81) esp_image: segment 0: paddr=00010020 vaddr=3c070020 size=3c7e0h (247776) map[0m
[0;32mI (132) esp_image: segment 1: paddr=0004c808 vaddr=3fc96e00 size=03428h ( 13352) load[0m
[0;32mI (135) esp_image: segment 2: paddr=0004fc38 vaddr=40374000 size=003e0h (   992) load[0m
[0;32mI (136) esp_image: segment 3: paddr=00050020 vaddr=42000020 size=66e64h (421476) map[0m
[0;32mI (218) esp_image: segment 4: paddr=000b6e8c vaddr=403743e0 size=129cch ( 76236) load[0m
[0;32mI (235) esp_image: segment 5: paddr=000c9860 vaddr=50000000 size=0001ch (    28) load[0m
[0;32mI (242) boot: Loaded app from partition at offset 0x10000[0m
[0;32mI (242) boot: Disabling RNG early entropy source...[0m
[0;32mI (253) octal_psram: vendor id    : 0x0d (AP)[0m
[0;32mI (253) octal_psram: dev id       : 0x02 (generation 3)[0m
[0;32mI (253) octal_psram: density      : 0x03 (64 Mbit)[0m
[0;32mI (255) octal_psram: good-die     : 0x01 (Pass)[0m
[0;32mI (260) octal_psram: Latency      : 0x01 (Fixed)[0m
[0;32mI (264) octal_psram: VCC          : 0x01 (3V)[0m
[0;32mI (268) octal_psram: SRF          : 0x01 (Fast Refresh)[0m
[0;32mI (273) octal_psram: BurstType    : 0x01 (Hybrid Wrap)[0m
[0;32mI (278) octal_psram: BurstLen     : 0x01 (32 Byte)[0m
[0;32mI (282) octal_psram: Readlatency  : 0x02 (10 cycles@Fixed)[0m
[0;32mI (288) octal_psram: DriveStrength: 0x00 (1/1)[0m
[0;32mI (292) esp_psram: Found 8MB PSRAM device[0m
[0;32mI (296) esp_psram: Speed: 40MHz[0m
[0;32mI (299) cpu_start: Multicore app[0m
[0;32mI (1032) esp_psram: SPI SRAM memory test OK[0m
[0;32mI (1041) cpu_start: GPIO 44 and 43 are used as console UART I/O pins[0m
[0;32mI (1041) cpu_start: Pro cpu start user code[0m
[0;32mI (1041) cpu_start: cpu freq: 160000000 Hz[0m
[0;32mI (1043) app_init: Application information:[0m
[0;32mI (1047) app_init: Project name:     pedal_display[0m
[0;32mI (1052) app_init: App version:      a9be580-dirty[0m
[0;32mI (1056) app_init: Compile time:     Jul  2 2026 22:40:19[0m
[0;32mI (1061) app_init: ELF file SHA256:  bea7b45bb...[0m
[0;32mI (1066) app_init: ESP-IDF:          v5.4.4[0m
[0;32mI (1070) efuse_init: Min chip rev:     v0.0[0m
[0;32mI (1073) efuse_init: Max chip rev:     v0.99 [0m
[0;32mI (1077) efuse_init: Chip rev:         v0.2[0m
[0;32mI (1082) heap_init: Initializing. RAM available for dynamic allocation:[0m
[0;32mI (1088) heap_init: At 3FCBA758 len 0002EFB8 (187 KiB): RAM[0m
[0;32mI (1093) heap_init: At 3FCE9710 len 00005724 (21 KiB): RAM[0m
[0;32mI (1098) heap_init: At 3FCF0000 len 00008000 (32 KiB): DRAM[0m
[0;32mI (1104) heap_init: At 600FE000 len 00001FE8 (7 KiB): RTCRAM[0m
[0;32mI (1109) esp_psram: Adding pool of 8192K of PSRAM memory to heap allocator[0m
[0;32mI (1116) spi_flash: detected chip: boya[0m
[0;32mI (1119) spi_flash: flash io: dio[0m
[0;32mI (1122) sleep_gpio: Configure to isolate all GPIO pins in sleep state[0m
[0;32mI (1129) sleep_gpio: Enable automatic switching of GPIO sleep configuration[0m
[0;32mI (1136) main_task: Started on CPU0[0m
[0;32mI (1166) esp_psram: Reserving pool of 32K of internal memory for DMA/internal allocations[0m
[0;32mI (1166) main_task: Calling app_main()[0m
[0;32mI (1166) gpio: GPIO[1]| InputEn: 0| OutputEn: 1| OpenDrain: 0| Pullup: 0| Pulldown: 0| Intr:0 [0m
[0;32mI (1176) st7796: version: 1.4.0[0m
[0;32mI (1176) gpio: GPIO[14]| InputEn: 0| OutputEn: 1| OpenDrain: 0| Pullup: 0| Pulldown: 0| Intr:0 [0m
[0;32mI (1186) st7796_general: LCD panel create success, version: 1.4.0[0m
[0;32mI (1196) app: boot complete[0m
[0;32mI (1196) main_task: Returned from app_main()[0m
[0;32mI (1426) LVGL: Starting LVGL task[0m
[0;32mI (1436) gpio: GPIO[4]| InputEn: 1| OutputEn: 0| OpenDrain: 0| Pullup: 1| Pulldown: 0| Intr:0 [0m
[0;32mI (1436) gpio: GPIO[5]| InputEn: 1| OutputEn: 0| OpenDrain: 0| Pullup: 1| Pulldown: 0| Intr:0 [0m
[0;32mI (1446) gpio: GPIO[6]| InputEn: 1| OutputEn: 0| OpenDrain: 0| Pullup: 1| Pulldown: 0| Intr:0 [0m
[0;32mI (1456) gpio: GPIO[7]| InputEn: 1| OutputEn: 0| OpenDrain: 0| Pullup: 1| Pulldown: 0| Intr:0 [0m
[0;32mI (1456) gpio: GPIO[15]| InputEn: 1| OutputEn: 0| OpenDrain: 0| Pullup: 1| Pulldown: 0| Intr:0 [0m
[0;32mI (1466) gpio: GPIO[16]| InputEn: 1| OutputEn: 0| OpenDrain: 0| Pullup: 1| Pulldown: 0| Intr:0 [0m
[0;32mI (1476) gpio: GPIO[17]| InputEn: 1| OutputEn: 0| OpenDrain: 0| Pullup: 1| Pulldown: 0| Intr:0 [0m
